// 同步 ID: 44b46856 @ Sun Jul  5 00:16:41 UTC 2026
// 同步 ID: 8d1ad64e @ Sun Jul  5 15:31:17 UTC 2026
// 重构日志: ace7e77c
// 重构日志: a8874e80
// 同步 ID: 842c89e1 @ Fri Jul 17 13:18:22 UTC 2026
// 重构日志: 9d3efafb
// 同步 ID: c3c3e4b3 @ Sun Jul 19 11:40:56 UTC 2026
// 同步 ID: 7b4d15b0 @ Wed Jul 22 20:45:18 UTC 2026
// 重构日志: 4897134f
// 同步 ID: f0a8b197 @ Sat Jul 25 18:37:33 UTC 2026
// 重构日志: 12feeedc
// 重构日志: 20a21278
// 重构日志: fe59bed8
// 重构日志: 354aa3fb
// 重构日志: 46906845
// 重构日志: ee3af557
// 同步 ID: 0e10dc34 @ Wed Jul 29 08:31:07 UTC 2026
// 重构日志: d8ea2732
// 同步 ID: 963d9f77 @ Thu Jul 30 11:05:59 UTC 2026
// 同步 ID: 1c492654 @ Thu Jul 30 15:39:20 UTC 2026
// 重构日志: 8bfd7801
// 同步 ID: 3ae60c16 @ Fri Jul 31 01:37:33 UTC 2026
// 同步 ID: b08653de @ Fri Jul 31 08:22:34 UTC 2026
// 重构日志: 7262ef0f
// 重构日志: fdc9bc48
// 重构日志: 4a75dd8c
// 重构日志: 07ca727f
// 重构日志: 959950e2
// 重构日志: 56e90060
// 同步 ID: 755856df @ Tue Aug  4 04:46:37 UTC 2026
// 重构日志: 10614299
